To honour the JVM settings for this build a single-use Daemon process will be forked. For more on this, please refer to https://docs.gradle.org/8.11.1/userguide/gradle_daemon.html#sec:disabling_the_daemon in the Gradle documentation.
Daemon will be stopped at the end of the build 
> Task :offlineSdk:checkKotlinGradlePluginConfigurationErrors SKIPPED
> Task :offlineSdk:preBuild UP-TO-DATE
> Task :offlineSdk:preDebugBuild UP-TO-DATE
> Task :offlineSdk:generateDebugResValues UP-TO-DATE
> Task :offlineSdk:generateDebugResources UP-TO-DATE
> Task :offlineSdk:packageDebugResources UP-TO-DATE
> Task :offlineSdk:parseDebugLocalResources UP-TO-DATE
> Task :offlineSdk:generateDebugRFile UP-TO-DATE
> Task :offlineSdk:compileDebugKotlin UP-TO-DATE
> Task :offlineSdk:javaPreCompileDebug UP-TO-DATE
> Task :offlineSdk:compileDebugJavaWithJavac NO-SOURCE
> Task :offlineSdk:bundleLibCompileToJarDebug UP-TO-DATE
> Task :offlineSdk:preDebugAndroidTestBuild UP-TO-DATE
> Task :offlineSdk:writeDebugAarMetadata UP-TO-DATE
> Task :offlineSdk:checkDebugAndroidTestAarMetadata UP-TO-DATE
> Task :offlineSdk:compileDebugLibraryResources UP-TO-DATE
> Task :offlineSdk:generateDebugAndroidTestResValues UP-TO-DATE
> Task :offlineSdk:mapDebugAndroidTestSourceSetPaths UP-TO-DATE
> Task :offlineSdk:generateDebugAndroidTestResources UP-TO-DATE
> Task :offlineSdk:mergeDebugAndroidTestResources UP-TO-DATE
> Task :offlineSdk:extractDeepLinksDebug UP-TO-DATE
> Task :offlineSdk:processDebugManifest UP-TO-DATE
> Task :offlineSdk:processDebugAndroidTestManifest UP-TO-DATE
> Task :offlineSdk:processDebugAndroidTestResources UP-TO-DATE
> Task :offlineSdk:compileDebugAndroidTestKotlin UP-TO-DATE
> Task :offlineSdk:javaPreCompileDebugAndroidTest UP-TO-DATE
> Task :offlineSdk:compileDebugAndroidTestJavaWithJavac NO-SOURCE
> Task :offlineSdk:mergeDebugAndroidTestShaders UP-TO-DATE
> Task :offlineSdk:compileDebugAndroidTestShaders NO-SOURCE
> Task :offlineSdk:generateDebugAndroidTestAssets UP-TO-DATE
> Task :offlineSdk:mergeDebugShaders UP-TO-DATE
> Task :offlineSdk:compileDebugShaders NO-SOURCE
> Task :offlineSdk:generateDebugAssets UP-TO-DATE
> Task :offlineSdk:mergeDebugAssets UP-TO-DATE
> Task :offlineSdk:mergeDebugAndroidTestAssets UP-TO-DATE
> Task :offlineSdk:compressDebugAndroidTestAssets UP-TO-DATE
> Task :offlineSdk:bundleLibRuntimeToJarDebug UP-TO-DATE
> Task :offlineSdk:desugarDebugAndroidTestFileDependencies UP-TO-DATE
> Task :offlineSdk:dexBuilderDebugAndroidTest UP-TO-DATE
> Task :offlineSdk:processDebugAndroidTestJavaRes UP-TO-DATE
> Task :offlineSdk:mergeDebugAndroidTestGlobalSynthetics UP-TO-DATE
> Task :offlineSdk:processDebugJavaRes UP-TO-DATE
> Task :offlineSdk:mergeDebugAndroidTestJavaResource UP-TO-DATE
> Task :offlineSdk:checkDebugAndroidTestDuplicateClasses UP-TO-DATE
> Task :offlineSdk:mergeExtDexDebugAndroidTest UP-TO-DATE
> Task :offlineSdk:bundleLibRuntimeToDirDebug UP-TO-DATE
> Task :offlineSdk:mergeProjectDexDebugAndroidTest UP-TO-DATE
> Task :offlineSdk:mergeDebugJniLibFolders UP-TO-DATE
> Task :offlineSdk:mergeDebugNativeLibs NO-SOURCE
> Task :offlineSdk:copyDebugJniLibsProjectOnly UP-TO-DATE
> Task :offlineSdk:mergeDebugAndroidTestJniLibFolders UP-TO-DATE
> Task :offlineSdk:mergeDebugAndroidTestNativeLibs NO-SOURCE
> Task :offlineSdk:stripDebugAndroidTestDebugSymbols NO-SOURCE
> Task :offlineSdk:validateSigningDebugAndroidTest UP-TO-DATE
> Task :offlineSdk:writeDebugAndroidTestSigningConfigVersions UP-TO-DATE
> Task :app:checkKotlinGradlePluginConfigurationErrors SKIPPED
> Task :app:preBuild UP-TO-DATE
> Task :app:preDebugBuild UP-TO-DATE
> Task :app:dataBindingMergeDependencyArtifactsDebug UP-TO-DATE
> Task :app:generateDebugResValues UP-TO-DATE
> Task :app:generateDebugResources UP-TO-DATE
> Task :app:mergeDebugResources UP-TO-DATE
> Task :app:packageDebugResources UP-TO-DATE
> Task :app:parseDebugLocalResources UP-TO-DATE
> Task :app:dataBindingGenBaseClassesDebug UP-TO-DATE
> Task :app:generateDebugBuildConfig UP-TO-DATE
> Task :app:checkDebugAarMetadata UP-TO-DATE
> Task :app:mapDebugSourceSetPaths UP-TO-DATE
> Task :app:createDebugCompatibleScreenManifests UP-TO-DATE
> Task :app:extractDeepLinksDebug UP-TO-DATE
> Task :app:processDebugMainManifest
> Task :app:processDebugManifest UP-TO-DATE
> Task :app:processDebugManifestForPackage UP-TO-DATE
> Task :app:processDebugResources UP-TO-DATE
> Task :app:javaPreCompileDebug UP-TO-DATE
> Task :app:preDebugAndroidTestBuild SKIPPED
> Task :app:dataBindingMergeDependencyArtifactsDebugAndroidTest UP-TO-DATE
> Task :app:generateDebugAndroidTestResValues UP-TO-DATE
> Task :app:generateDebugAndroidTestResources UP-TO-DATE
> Task :app:mergeDebugAndroidTestResources UP-TO-DATE
> Task :app:dataBindingGenBaseClassesDebugAndroidTest UP-TO-DATE
> Task :app:processDebugAndroidTestManifest UP-TO-DATE
> Task :app:generateDebugAndroidTestBuildConfig UP-TO-DATE
> Task :app:checkDebugAndroidTestAarMetadata UP-TO-DATE
> Task :app:mapDebugAndroidTestSourceSetPaths UP-TO-DATE
> Task :app:processDebugAndroidTestResources UP-TO-DATE
> Task :app:javaPreCompileDebugAndroidTest UP-TO-DATE
> Task :app:mergeDebugShaders UP-TO-DATE
> Task :app:compileDebugShaders NO-SOURCE
> Task :app:generateDebugAssets UP-TO-DATE
> Task :app:mergeDebugAssets UP-TO-DATE
> Task :app:compressDebugAssets UP-TO-DATE
> Task :app:desugarDebugFileDependencies UP-TO-DATE
> Task :app:mergeDebugJniLibFolders UP-TO-DATE
> Task :app:mergeDebugNativeLibs NO-SOURCE
> Task :app:stripDebugDebugSymbols NO-SOURCE
> Task :app:validateSigningDebug UP-TO-DATE
> Task :app:checkDebugDuplicateClasses
> Task :app:writeDebugAppMetadata UP-TO-DATE
> Task :app:writeDebugSigningConfigVersions UP-TO-DATE
> Task :app:mergeDebugAndroidTestShaders UP-TO-DATE
> Task :app:compileDebugAndroidTestShaders NO-SOURCE
> Task :app:generateDebugAndroidTestAssets UP-TO-DATE
> Task :app:mergeDebugAndroidTestAssets UP-TO-DATE
> Task :app:compressDebugAndroidTestAssets UP-TO-DATE
> Task :app:desugarDebugAndroidTestFileDependencies UP-TO-DATE
> Task :app:checkDebugAndroidTestDuplicateClasses UP-TO-DATE
> Task :app:mergeExtDexDebugAndroidTest UP-TO-DATE
> Task :app:mergeLibDexDebugAndroidTest UP-TO-DATE
> Task :app:mergeDebugAndroidTestJniLibFolders UP-TO-DATE
> Task :offlineSdk:mergeLibDexDebugAndroidTest
> Task :app:mergeDebugAndroidTestNativeLibs NO-SOURCE
> Task :app:mergeLibDexDebug
> Task :app:stripDebugAndroidTestDebugSymbols NO-SOURCE
> Task :app:validateSigningDebugAndroidTest UP-TO-DATE
> Task :app:writeDebugAndroidTestSigningConfigVersions UP-TO-DATE
> Task :offlineSdk:packageDebugAndroidTest
> Task :offlineSdk:createDebugAndroidTestApkListingFileRedirect UP-TO-DATE
> Task :app:mergeExtDexDebug

> Task :app:compileDebugKotlin
e: The daemon has terminated unexpectedly on startup attempt #1 with error code: 0. The daemon process output:
    1. Kotlin compile daemon is ready

> Task :offlineSdk:connectedDebugAndroidTest
